#-----------------------------------------------------------
# Vivado v2023.2 (64-bit)
# SW Build 4029153 on Fri Oct 13 20:14:34 MDT 2023
# IP Build 4028589 on Sat Oct 14 00:45:43 MDT 2023
# SharedData Build 4025554 on Tue Oct 10 17:18:54 MDT 2023
# Start of session at: Mon Dec 11 08:10:57 2023
# Process ID: 9056
# Current directory: E:/GithubRepositorys/EE214_projects_GF/EE214_projects/Lab 1/challenge_1
# Command line: vivado.exe -gui_launcher_event rodinguilauncherevent10116 E:\GithubRepositorys\EE214_projects_GF\EE214_projects\Lab 1\challenge_1\challenge_1.xpr
# Log file: E:/GithubRepositorys/EE214_projects_GF/EE214_projects/Lab 1/challenge_1/vivado.log
# Journal file: E:/GithubRepositorys/EE214_projects_GF/EE214_projects/Lab 1/challenge_1\vivado.jou
# Running On: DESKTOP-B04BEDJ, OS: Windows, CPU Frequency: 3700 MHz, CPU Physical cores: 16, Host memory: 17128 MB
#-----------------------------------------------------------
start_gui
open_project {E:/GithubRepositorys/EE214_projects_GF/EE214_projects/Lab 1/challenge_1/challenge_1.xpr}
update_compile_order -fileset sources_1
launch_runs synth_1 -jobs 8
wait_on_run synth_1
add_files -fileset constrs_1 -norecurse {{E:/GithubRepositorys/EE214_projects_GF/EE214_projects/Lab 1/challenge1.xdc}}
open_run synth_1 -name synth_1
reset_run synth_1
launch_runs synth_1 -jobs 8
wait_on_run synth_1
close_design
open_run synth_1 -name synth_1
launch_runs impl_1 -jobs 8
wait_on_run impl_1
close_design
open_run impl_1
