#-----------------------------------------------------------
# Vivado v2021.1 (64-bit)
# SW Build 3247384 on Thu Jun 10 19:36:33 MDT 2021
# IP Build 3246043 on Fri Jun 11 00:30:35 MDT 2021
# Start of session at: Thu Sep  9 13:36:02 2021
# Process ID: 16144
# Current directory: D:/Libraries/Documents/Vivado Projects/Lab 1/requirement_5
# Command line: vivado.exe -gui_launcher_event rodinguilauncherevent2624 D:\Libraries\Documents\Vivado Projects\Lab 1\requirement_5\requirement_5.xpr
# Log file: D:/Libraries/Documents/Vivado Projects/Lab 1/requirement_5/vivado.log
# Journal file: D:/Libraries/Documents/Vivado Projects/Lab 1/requirement_5\vivado.jou
#-----------------------------------------------------------
start_gui
open_project {D:/Libraries/Documents/Vivado Projects/Lab 1/requirement_5/requirement_5.xpr}
update_compile_order -fileset sources_1
open_project {D:/Libraries/Documents/Vivado Projects/Lab 1/requirement_1/requirement_1.xpr}
update_compile_order -fileset sources_1
open_hw_manager
open_project {D:/Libraries/Documents/Vivado Projects/Lab 1/requirement_2/requirement_2.xpr}
update_compile_order -fileset sources_1
open_project {D:/Libraries/Documents/Vivado Projects/Lab 1/requirement_3/requirement_3.xpr}
update_compile_order -fileset sources_1
open_project {D:/Libraries/Documents/Vivado Projects/Lab 1/requirement_4/requirement_4.xpr}
update_compile_order -fileset sources_1
open_project {D:/Libraries/Documents/Vivado Projects/Lab 1/challenge_1/challenge_1.xpr}
update_compile_order -fileset sources_1
reset_run synth_1
launch_runs impl_1 -to_step write_bitstream -jobs 4
wait_on_run impl_1
connect_hw_server -allow_non_jtag
open_hw_target
set_property PROGRAM.FILE {D:/Libraries/Documents/Vivado Projects/Lab 1/requirement_1/requirement_1.runs/impl_1/project1_demo.bit} [get_hw_devices xc7z007s_1]
current_hw_device [get_hw_devices xc7z007s_1]
refresh_hw_device -update_hw_probes false [lindex [get_hw_devices xc7z007s_1] 0]
current_project requirement_1
set_property PROBES.FILE {} [get_hw_devices xc7z007s_1]
set_property FULL_PROBES.FILE {} [get_hw_devices xc7z007s_1]
set_property PROGRAM.FILE {D:/Libraries/Documents/Vivado Projects/Lab 1/requirement_1/requirement_1.runs/impl_1/project1_demo.bit} [get_hw_devices xc7z007s_1]
program_hw_devices [get_hw_devices xc7z007s_1]
refresh_hw_device [lindex [get_hw_devices xc7z007s_1] 0]
close_hw_manager
close_project
current_project requirement_2
open_hw_manager
connect_hw_server -allow_non_jtag
open_hw_target
set_property PROGRAM.FILE {D:/Libraries/Documents/Vivado Projects/Lab 1/requirement_2/requirement_2.runs/impl_1/led_sw.bit} [get_hw_devices xc7z007s_1]
current_hw_device [get_hw_devices xc7z007s_1]
refresh_hw_device -update_hw_probes false [lindex [get_hw_devices xc7z007s_1] 0]
set_property PROBES.FILE {} [get_hw_devices xc7z007s_1]
set_property FULL_PROBES.FILE {} [get_hw_devices xc7z007s_1]
set_property PROGRAM.FILE {D:/Libraries/Documents/Vivado Projects/Lab 1/requirement_2/requirement_2.runs/impl_1/led_sw.bit} [get_hw_devices xc7z007s_1]
program_hw_devices [get_hw_devices xc7z007s_1]
refresh_hw_device [lindex [get_hw_devices xc7z007s_1] 0]
close_hw_manager
current_project requirement_3
open_hw_manager
connect_hw_server -allow_non_jtag
open_hw_target
set_property PROGRAM.FILE {D:/Libraries/Documents/Vivado Projects/Lab 1/requirement_3/requirement_3.runs/impl_1/led_sw.bit} [get_hw_devices xc7z007s_1]
current_hw_device [get_hw_devices xc7z007s_1]
refresh_hw_device -update_hw_probes false [lindex [get_hw_devices xc7z007s_1] 0]
set_property PROBES.FILE {} [get_hw_devices xc7z007s_1]
set_property FULL_PROBES.FILE {} [get_hw_devices xc7z007s_1]
set_property PROGRAM.FILE {D:/Libraries/Documents/Vivado Projects/Lab 1/requirement_3/requirement_3.runs/impl_1/led_sw.bit} [get_hw_devices xc7z007s_1]
program_hw_devices [get_hw_devices xc7z007s_1]
refresh_hw_device [lindex [get_hw_devices xc7z007s_1] 0]
close_hw_manager
current_project requirement_2
close_project
open_run impl_1
open_hw_manager
connect_hw_server -allow_non_jtag
open_hw_target
set_property PROGRAM.FILE {D:\Libraries\Documents\Vivado Projects\Lab 1\requirement_1\requirement_1.runs\impl_1\project1_demo.bit} [get_hw_devices xc7z007s_1]
current_hw_device [get_hw_devices xc7z007s_1]
refresh_hw_device -update_hw_probes false [lindex [get_hw_devices xc7z007s_1] 0]
set_property PROBES.FILE {} [get_hw_devices xc7z007s_1]
set_property FULL_PROBES.FILE {} [get_hw_devices xc7z007s_1]
set_property PROGRAM.FILE {D:/Libraries/Documents/Vivado Projects/Lab 1/requirement_1/requirement_1.runs/impl_1/project1_demo.bit} [get_hw_devices xc7z007s_1]
program_hw_devices [get_hw_devices xc7z007s_1]
refresh_hw_device [lindex [get_hw_devices xc7z007s_1] 0]
close_hw_manager
close_project
current_project requirement_3
close_project
open_hw_manager
connect_hw_server -allow_non_jtag
open_hw_target
set_property PROGRAM.FILE {D:/Libraries/Documents/Vivado Projects/Lab 1/requirement_4/requirement_4.runs/impl_1/led_sw.bit} [get_hw_devices xc7z007s_1]
current_hw_device [get_hw_devices xc7z007s_1]
refresh_hw_device -update_hw_probes false [lindex [get_hw_devices xc7z007s_1] 0]
set_property PROBES.FILE {} [get_hw_devices xc7z007s_1]
set_property FULL_PROBES.FILE {} [get_hw_devices xc7z007s_1]
set_property PROGRAM.FILE {D:/Libraries/Documents/Vivado Projects/Lab 1/requirement_4/requirement_4.runs/impl_1/led_sw.bit} [get_hw_devices xc7z007s_1]
program_hw_devices [get_hw_devices xc7z007s_1]
refresh_hw_device [lindex [get_hw_devices xc7z007s_1] 0]
close_hw_manager
close_project
